// Jest Snapshot v1, https://goo.gl/fbAQLP

exports[`macros 1. macros: 1. macros 1`] = `
"
import money from '../src/macro'

const a = money(1)
const b = money(a)
const c = money(-1)
const d = money(-c)

      ↓ ↓ ↓ ↓ ↓ ↓

import { Decimal as _Decimal } from 'decimal.js';


const a = _Decimal('1');
const b = _Decimal(a);
const c = _Decimal(_Decimal('1').neg());
const d = _Decimal(_Decimal(c).neg());
"
`;

exports[`macros 2. macros: 2. macros 1`] = `
"
import money from '../src/macro'

const a = money(1)
const c = money(b - 3)
const d = money(c * 4)
const e = money(d / 5)
const f = money(e ** 10)
const g = money(f % 2)

      ↓ ↓ ↓ ↓ ↓ ↓

import { Decimal as _Decimal } from 'decimal.js';


const a = _Decimal('1');
const c = _Decimal(b).sub('3');
const d = _Decimal(c).mul('4');
const e = _Decimal(d).div('5');
const f = _Decimal(e).pow('10');
const g = _Decimal(f).mod('2');
"
`;

exports[`macros 3. macros: 3. macros 1`] = `
"
import money from '../src/macro'

const a = money(1)
const b = money(a - 3 * 4 / 5)
const c = money(a - 3 + 4 - 5)
const d = money(1 ** 2 ** 3)

      ↓ ↓ ↓ ↓ ↓ ↓

import { Decimal as _Decimal } from 'decimal.js';


const a = _Decimal('1');
const b = _Decimal(a).sub(_Decimal(_Decimal('3').mul('4')).div('5'));
const c = _Decimal(_Decimal(_Decimal(a).sub('3')).add('4')).sub('5');
const d = _Decimal('1').pow(_Decimal('2').pow('3'));
"
`;

exports[`macros 4. macros: 4. macros 1`] = `
"
import money from '../src/macro'

const a = money((1 + 2) * (3 - 4))
const b = money(((1 + 2)))

      ↓ ↓ ↓ ↓ ↓ ↓

import { Decimal as _Decimal } from 'decimal.js';


const a = _Decimal(_Decimal('1').add('2')).mul(_Decimal('3').sub('4'));
const b = _Decimal('1').add('2');
"
`;

exports[`macros 5. macros: 5. macros 1`] = `
"
import money from '../src/macro'
import Decimal from 'Decimal'
import _Decimal from '_Decimal'

const a = money(1)

      ↓ ↓ ↓ ↓ ↓ ↓

import { Decimal as _Decimal2 } from 'decimal.js';

import Decimal from 'Decimal';
import _Decimal from '_Decimal';

const a = _Decimal2('1');
"
`;
