// Jest Snapshot v1, https://goo.gl/fbAQLP

exports[`macros 1. macros: 1. macros 1`] = `
"
import money from '../src/macro'

const a = money(1)
const b = money(a)
const c = money(-1)
const d = money(-c)

      ↓ ↓ ↓ ↓ ↓ ↓

const a = money(1);
const b = money(a);
const c = money(-1);
const d = money(-c);
"
`;

exports[`macros 2. macros: 2. macros 1`] = `
"
import money from '../src/macro'

const a = money(1)
const c = money(b - 3)
const d = money(c * 4)
const e = money(d / 5)
const f = money(e ** 10)
const g = money(f % 2)

      ↓ ↓ ↓ ↓ ↓ ↓

const a = money(1);
const c = money(b).sub('3');
const d = money(c).mul('4');
const e = money(d).div('5');
const f = money(e).pow('10');
const g = money(f).mod('2');
"
`;

exports[`macros 3. macros: 3. macros 1`] = `
"
import money from '../src/macro'

const a = money(1)
const b = money(a - 3 * 4 / 5)
const c = money(a - 3 + 4 - 5)
const d = money(1 ** 2 ** 3)

      ↓ ↓ ↓ ↓ ↓ ↓

const a = money(1);
const b = money(a).sub(money(money('3').mul('4')).div('5'));
const c = money(money(money(a).sub('3')).add('4')).sub('5');
const d = money('1').pow(money('2').pow('3'));
"
`;

exports[`macros 4. macros: 4. macros 1`] = `
"
import money from '../src/macro'

const a = money((1 + 2) * (3 - 4))
const b = money(((1 + 2)))

      ↓ ↓ ↓ ↓ ↓ ↓

const a = money(money('1').add('2')).mul(money('3').sub('4'));
const b = money('1').add('2');
"
`;
